Godot Engine v4.7.2.stable.official.ed1daf0bf - https://godotengine.org
OpenGL API 3.3.0 Core Profile Context 26.8.1.260806 - Compatibility - Using Device: ATI Technologies Inc. - AMD Radeon RX 6800 XT

UI PASS: Rain button calls real shared kernel
UI PASS: Oracle button addresses real eligible Saint
UI PASS: Inspector exposes real decision and environmental consequence
UI PASS: manual save/load buttons preserve exact state
UI PASS: map zoom handler
UI PASS: Pause/Resume button uses shared clock
UI PASS: night acceleration stops at 08:00 and spends the remaining frame at daytime speed
UI PASS: night pacing preserves exact kernel state and every scheduled update
UI PASS: manual pause also freezes the observation clock
UI PASS: night skip can be disabled for normal nighttime observation
UI PASS: 20:00 boundary accelerates only the nighttime part of a frame
UI PASS: nighttime birth interrupts even 16x exactly at the event deadline
UI PASS: interruption observes an actual kernel birth
UI PASS: night interruption preserves the user's speed and exposes the paused state
UI PASS: night event participants stay visible while unrelated resting residents are hidden
UI PASS: a resting resident remains available through the resident inspector
UI PASS: Continue resumes without replaying the same nighttime event
UI PASS: daytime view shows actual active residents
UI PASS: visibility and refresh do not change authoritative residents or resources
UI PASS: Resume grants ten real seconds without pausing for the actual founding event
UI PASS: resume grace is exposed in the observation status
UI PASS: manual pause does not consume resume grace
UI PASS: another manual Resume grants a fresh grace period
UI PASS: grace expires by real elapsed time without replaying suppressed events
UI PASS: a genuinely new nighttime birth pauses again after resume grace
UI PASS: events observed during grace remain in History
UI PASS: successful Rain greys out cast and targeting and clears armed state
UI PASS: Rain shortcut cannot arm a cooling-down Miracle
UI PASS: paused UI keeps the simulated cooldown constant
UI PASS: Rain remains unavailable one simulated second before cooldown expiry
UI PASS: Rain targeting and cast recover at the exact simulation cooldown deadline
UI PASS: Oracle uses authoritative quota evaluation and a distinct visible reason
UI PASS: insufficient DP blocks both Rain controls with the actual reason
UI PASS: invalid target displays the simulator's actual capability reason
UI PASS: all 120 real residents remain selectable through bounded non-scrolling groups
UI PASS: fixed viewport keeps map and tab 0 controls visible at (1280, 720)
UI PASS: fixed viewport keeps map and tab 1 controls visible at (1280, 720)
UI PASS: fixed viewport keeps map and tab 2 controls visible at (1280, 720)
UI PASS: all inspection and 150-entry history pages fit without vertical scrolling at (1280, 720)
UI PASS: fixed viewport keeps map and tab 0 controls visible at (1366, 768)
UI PASS: fixed viewport keeps map and tab 1 controls visible at (1366, 768)
UI PASS: fixed viewport keeps map and tab 2 controls visible at (1366, 768)
UI PASS: all inspection and 150-entry history pages fit without vertical scrolling at (1366, 768)
UI PASS: fixed viewport keeps map and tab 0 controls visible at (1920, 1080)
UI PASS: fixed viewport keeps map and tab 1 controls visible at (1920, 1080)
UI PASS: fixed viewport keeps map and tab 2 controls visible at (1920, 1080)
UI PASS: all inspection and 150-entry history pages fit without vertical scrolling at (1920, 1080)
UI PASS: long bracketed context retains every ID across fitted pages
UI PASS: history reflow preserves a user-selected older page
UI PASS: contextual help is available through a focusable click/keyboard dialog
UI PASS: all advanced Rain settings remain reachable in a discrete dialog
UI PASS: transient command feedback expires while the current blocking reason stays visible
UI PASS: pagination, hints and resizing preserve authoritative simulation state
UI PASS: same-Saint active intent lock is visible independently of Miracle cooldown
UI PASS: UI guide tests leave the original world unchanged
UI RESULT: 55 checks, 0 failures
